2025-09-12 01:37:21,096 - Successfully fixed encoding for patient-plea-for-help.htm
2025-09-12 01:37:21,099 - Successfully fixed encoding for Letter_to_FDA_requesting_LASIK_public_health_advisory.htm
2025-09-12 01:37:21,101 - Successfully fixed encoding for ALK-automated-lamellar-keratoplasty.htm
2025-09-12 01:37:21,103 - Successfully fixed encoding for consumerreports.htm
2025-09-12 01:37:21,107 - Successfully fixed encoding for implantable-lens-risks-and-complications.htm
2025-09-12 01:37:21,109 - Successfully fixed encoding for opaqcor.htm
2025-09-12 01:37:21,113 - Successfully fixed encoding for seminar.htm
2025-09-12 01:37:21,115 - Successfully fixed encoding for patientletter14.htm
2025-09-12 01:37:21,117 - Successfully fixed encoding for comanagement.htm
2025-09-12 01:37:21,118 - Successfully fixed encoding for patientletter15.htm
2025-09-12 01:37:21,121 - Successfully fixed encoding for newsobserver_com.htm
2025-09-12 01:37:21,124 - Successfully fixed encoding for OphthalmologistsUnconcerned.htm
2025-09-12 01:37:21,125 - Successfully fixed encoding for saved-from-lasik.htm
2025-09-12 01:37:21,136 - Successfully fixed encoding for Scotland on Sunday - Top Stories - Surgeon warns of laser eye cure risks.htm
2025-09-12 01:37:21,139 - Successfully fixed encoding for halloween.htm
2025-09-12 01:37:21,142 - Successfully fixed encoding for Epithelial_ingrowth.html
2025-09-12 01:37:21,143 - Successfully fixed encoding for the-big-short.htm
2025-09-12 01:37:21,151 - Successfully fixed encoding for dryeye.htm
2025-09-12 01:37:21,152 - Successfully fixed encoding for patientletter17.htm
2025-09-12 01:37:21,153 - Successfully fixed encoding for patient-letter-stacy-l.htm
2025-09-12 01:37:21,155 - Successfully fixed encoding for patientletter16.htm
2025-09-12 01:37:21,158 - Successfully fixed encoding for RK-no-eraser-at-end-of-scalpel.htm
2025-09-12 01:37:21,160 - Successfully fixed encoding for blurryvision.htm
2025-09-12 01:37:21,161 - Successfully fixed encoding for Morris-Waxler-corneal-collagen-crosslinking-presentation.htm
2025-09-12 01:37:21,165 - Successfully fixed encoding for fdatranscripts.htm
2025-09-12 01:37:21,172 - Successfully fixed encoding for A Pain in the Eye That's Forever  2003-04-23 Part 3.htm
2025-09-12 01:37:21,183 - Successfully fixed encoding for index.html
2025-09-12 01:37:21,189 - Successfully fixed encoding for PatientSatisfaction.html
2025-09-12 01:37:21,191 - Successfully fixed encoding for patientletter12.htm
2025-09-12 01:37:21,193 - Successfully fixed encoding for supervision.htm
2025-09-12 01:37:21,194 - Successfully fixed encoding for patientletter13.htm
2025-09-12 01:37:21,195 - Successfully fixed encoding for Erik-Rupard-MD.htm
2025-09-12 01:37:21,197 - Successfully fixed encoding for mythof2020.htm
2025-09-12 01:37:21,198 - Successfully fixed encoding for lackofempathy.htm
2025-09-12 01:37:21,201 - Successfully fixed encoding for kenny-perry.htm
2025-09-12 01:37:21,207 - Successfully fixed encoding for A Pain in the Eye That's Forever  2003-04-23 Part 2.htm
2025-09-12 01:37:21,210 - Successfully fixed encoding for NotableQuotes.htm
2025-09-12 01:37:21,213 - Successfully fixed encoding for lawsuits.htm
2025-09-12 01:37:21,217 - Successfully fixed encoding for tiger-woods.htm
2025-09-12 01:37:21,219 - Successfully fixed encoding for long_term_issues.html
2025-09-12 01:37:21,226 - Successfully fixed encoding for fda.htm
2025-09-12 01:37:21,227 - Successfully fixed encoding for patientletter11.htm
2025-09-12 01:37:21,228 - Successfully fixed encoding for patientletter10.htm
2025-09-12 01:37:21,230 - Successfully fixed encoding for neurologist-MedWatch-report.htm
2025-09-12 01:37:21,232 - Successfully fixed encoding for noexperience.htm
2025-09-12 01:37:21,234 - Successfully fixed encoding for FDA-Lasik-Hearing-Videos.htm
2025-09-12 01:37:21,240 - Successfully fixed encoding for A Pain in the Eye That's Forever  2003-04-23 Part 1.htm
2025-09-12 01:37:21,242 - Successfully fixed encoding for greed.htm
2025-09-12 01:37:21,244 - Successfully fixed encoding for relex-smile.htm
2025-09-12 01:37:21,245 - Successfully fixed encoding for visionsimulations.html
2025-09-12 01:37:21,251 - Successfully fixed encoding for is-lasik-safe.htm
2025-09-12 01:37:21,252 - Successfully fixed encoding for Sabrina-Garrison.html
2025-09-12 01:37:21,254 - Successfully fixed encoding for TenThingsYourDocWontTellYou.html
2025-09-12 01:37:21,256 - Successfully fixed encoding for LVI.htm
2025-09-12 01:37:21,259 - Successfully fixed encoding for Federal Trade Commission Stops Allegedly Misleading Representations for Lasik Eye Surgery.htm
2025-09-12 01:37:21,262 - Successfully fixed encoding for celebrities.htm
2025-09-12 01:37:21,264 - Successfully fixed encoding for interface-fluid.html
2025-09-12 01:37:21,266 - Successfully fixed encoding for dont_get_lasik_from_MD.htm
2025-09-12 01:37:21,267 - Successfully fixed encoding for dryeyepost1.htm
2025-09-12 01:37:21,269 - Successfully fixed encoding for AlconBrief.htm
2025-09-12 01:37:21,271 - Successfully fixed encoding for lasik-following-cataract-surgery.htm
2025-09-12 01:37:21,273 - Successfully fixed encoding for Salman-Madanat.htm
2025-09-12 01:37:21,274 - Successfully fixed encoding for StevePost.htm
2025-09-12 01:37:21,278 - Successfully fixed encoding for pupil-size-and-lasik.htm
2025-09-12 01:37:21,279 - Successfully fixed encoding for amazon-deal.htm
2025-09-12 01:37:21,280 - Successfully fixed encoding for patientletter8.htm
2025-09-12 01:37:21,284 - Successfully fixed encoding for dean-andrew-kantis.htm
2025-09-12 01:37:21,285 - Successfully fixed encoding for complainfda.htm
2025-09-12 01:37:21,290 - Successfully fixed encoding for case_reports.htm
2025-09-12 01:37:21,291 - Successfully fixed encoding for PRK-nightmare.htm
2025-09-12 01:37:21,292 - Successfully fixed encoding for patientletter24.html
2025-09-12 01:37:21,293 - Successfully fixed encoding for patientletter9.htm
2025-09-12 01:37:21,294 - Successfully fixed encoding for Max-Cronin.htm
2025-09-12 01:37:21,297 - Successfully fixed encoding for studies.htm
2025-09-12 01:37:21,299 - Successfully fixed encoding for dan-d-lasik-story.htm
2025-09-12 01:37:21,309 - Successfully fixed encoding for index.htm
2025-09-12 01:37:21,311 - Successfully fixed encoding for Colin.htm
2025-09-12 01:37:21,312 - Successfully fixed encoding for cleanroom.htm
2025-09-12 01:37:21,319 - Successfully fixed encoding for EyeBall_HardBall.htm
2025-09-12 01:37:21,321 - Successfully fixed encoding for starbursting.htm
2025-09-12 01:37:21,323 - Successfully fixed encoding for LasikTube.htm
2025-09-12 01:37:21,325 - Successfully fixed encoding for fatalfocus.htm
2025-09-12 01:37:21,328 - Successfully fixed encoding for PRK-complications.htm
2025-09-12 01:37:21,331 - Successfully fixed encoding for Archives.htm
2025-09-12 01:37:21,332 - Successfully fixed encoding for mailingtube.htm
2025-09-12 01:37:21,333 - Successfully fixed encoding for LASIK-warning-for-Spain-in-Spanish.htm
2025-09-12 01:37:21,335 - Successfully fixed encoding for Alcon.htm
2025-09-12 01:37:21,336 - Successfully fixed encoding for ghosting.htm
2025-09-12 01:37:21,339 - Successfully fixed encoding for dlk.htm
2025-09-12 01:37:21,355 - Successfully fixed encoding for news.htm
2025-09-12 01:37:21,357 - Successfully fixed encoding for Surgeons_Have_Concerns.htm
2025-09-12 01:37:21,361 - Successfully fixed encoding for ectasia-FDA-reports.htm
2025-09-12 01:37:21,363 - Successfully fixed encoding for lasik-cheaper-than-glasses-contacts-myth.htm
2025-09-12 01:37:21,365 - Successfully fixed encoding for TopTenReasons.htm
2025-09-12 01:37:21,367 - Successfully fixed encoding for adayinthelife.htm
2025-09-12 01:37:21,373 - Successfully fixed encoding for CBC NewsOne-third of laser eye patients experience night vision problems study.htm
2025-09-12 01:37:21,374 - Successfully fixed encoding for custom-wavefront-LASIK-disaster.htm
2025-09-12 01:37:21,379 - Successfully fixed encoding for inducedcataract.htm
2025-09-12 01:37:21,380 - Successfully fixed encoding for patientletter2.htm
2025-09-12 01:37:21,383 - Successfully fixed encoding for debris.htm
2025-09-12 01:37:21,384 - Successfully fixed encoding for patientletter3.htm
2025-09-12 01:37:21,386 - Successfully fixed encoding for visualase-bolton-laser-eye-surgery-complications.htm
2025-09-12 01:37:21,390 - Successfully fixed encoding for Alcon_Eyeworld_Jan05.htm
2025-09-12 01:37:21,395 - Successfully fixed encoding for vitreoretinal_damage.htm
2025-09-12 01:37:21,396 - Successfully fixed encoding for driving.htm
2025-09-12 01:37:21,406 - Successfully fixed encoding for LATimes_Health.htm
2025-09-12 01:37:21,408 - Successfully fixed encoding for patientletter1.htm
2025-09-12 01:37:21,409 - Successfully fixed encoding for herpes.htm
2025-09-12 01:37:21,410 - Successfully fixed encoding for halos.htm
2025-09-12 01:37:21,414 - Successfully fixed encoding for lasik-prk-refractive-surgery-in-the-military.html
2025-09-12 01:37:21,420 - Successfully fixed encoding for LawyersUSA_Oliver.htm
2025-09-12 01:37:21,421 - Successfully fixed encoding for patientletter4.htm
2025-09-12 01:37:21,423 - Successfully fixed encoding for patient-letter-christy-b.htm
2025-09-12 01:37:21,429 - Successfully fixed encoding for RK-radial-keratotomy.html
2025-09-12 01:37:21,431 - Successfully fixed encoding for FlapComplications.html
2025-09-12 01:37:21,443 - Successfully fixed encoding for USATODAY_com - LASIK risks understated.htm
2025-09-12 01:37:21,445 - Successfully fixed encoding for hoa.htm
2025-09-12 01:37:21,454 - Successfully fixed encoding for Sight for Sale, Pt_ 1.htm
2025-09-12 01:37:21,456 - Successfully fixed encoding for patientletter5.htm
2025-09-12 01:37:21,460 - Successfully fixed encoding for fdabooklet.htm
2025-09-12 01:37:21,462 - Successfully fixed encoding for Alcon_product_liability.htm
2025-09-12 01:37:21,467 - Successfully fixed encoding for corneal_neuropathy.htm
2025-09-12 01:37:21,469 - Successfully fixed encoding for maculopathy.htm
2025-09-12 01:37:21,476 - Successfully fixed encoding for flapdislocation.htm
2025-09-12 01:37:21,491 - Successfully fixed encoding for Times Online - Britain.htm
2025-09-12 01:37:21,499 - Successfully fixed encoding for ectasia.htm
2025-09-12 01:37:21,500 - Successfully fixed encoding for patientletter7.htm
2025-09-12 01:37:21,510 - Successfully fixed encoding for attorneys.htm
2025-09-12 01:37:21,511 - Successfully fixed encoding for patientletter6.htm
2025-09-12 01:37:21,512 - Successfully fixed encoding for simulations.htm
2025-09-12 01:37:21,514 - Successfully fixed encoding for reading.htm
2025-09-12 01:37:21,517 - Successfully fixed encoding for links.htm
2025-09-12 01:37:21,519 - Successfully fixed encoding for regression.htm
2025-09-12 01:37:21,530 - Successfully fixed encoding for suicide.htm
2025-09-12 01:37:21,534 - Successfully fixed encoding for corneal-collagen-crosslinking-ccl.htm
2025-09-12 01:37:21,541 - Successfully fixed encoding for letters.htm
2025-09-12 01:37:21,544 - Successfully fixed encoding for fdaalconmeeting.htm
2025-09-12 01:37:21,545 - Successfully fixed encoding for patientletter21.htm
2025-09-12 01:37:21,546 - Successfully fixed encoding for patient-letter-sam.htm
2025-09-12 01:37:21,548 - Successfully fixed encoding for LASIK-warning-for-France-in-French.htm
2025-09-12 01:37:21,548 - Successfully fixed encoding for patientletter20.htm
2025-09-12 01:37:21,550 - Successfully fixed encoding for post-lasik-floaters-letter.html
2025-09-12 01:37:21,551 - Successfully fixed encoding for LASIK-warning-netherlands-dutch.htm
2025-09-12 01:37:21,553 - Successfully fixed encoding for humor.htm
2025-09-12 01:37:21,555 - Successfully fixed encoding for opticnerveneuropathy.htm
2025-09-12 01:37:21,557 - Successfully fixed encoding for suicidalpatient.htm
2025-09-12 01:37:21,559 - Successfully fixed encoding for maloney.htm
2025-09-12 01:37:21,560 - Successfully fixed encoding for BilateralLasik.htm
2025-09-12 01:37:21,561 - Successfully fixed encoding for Samantha_Lee_LASIK_story.htm
2025-09-12 01:37:21,563 - Successfully fixed encoding for darthlaser.htm
2025-09-12 01:37:21,587 - Successfully fixed encoding for lasik-complaints.htm
2025-09-12 01:37:21,592 - Successfully fixed encoding for infection.htm
2025-09-12 01:37:21,593 - Successfully fixed encoding for centralislands.htm
2025-09-12 01:37:21,594 - Successfully fixed encoding for patientletter22.htm
2025-09-12 01:37:21,595 - Successfully fixed encoding for Doreen-Schleifer.htm
2025-09-12 01:37:21,596 - Successfully fixed encoding for patientletter23.htm
2025-09-12 01:37:21,598 - Successfully fixed encoding for BrainAdapts.htm
2025-09-12 01:37:21,599 - Successfully fixed encoding for Edward-Boshnick-corneal-collagen-crosslinking-presentation.htm
2025-09-12 01:37:21,603 - Successfully fixed encoding for marketing.htm
2025-09-12 01:37:21,604 - Successfully fixed encoding for LASIK_docket_comment.htm
2025-09-12 01:37:21,607 - Successfully fixed encoding for nightvision.htm
2025-09-12 01:37:21,611 - Successfully fixed encoding for IntraLase.htm
2025-09-12 01:37:21,614 - Successfully fixed encoding for corneal-transplant.htm
2025-09-12 01:37:21,616 - Successfully fixed encoding for can-you-go-blind-from-lasik.htm
2025-09-12 01:37:21,617 - Successfully fixed encoding for coloratlas.htm
2025-09-12 01:37:21,619 - Successfully fixed encoding for lasik-and-tobacco.htm
2025-09-12 01:37:21,625 - Successfully fixed encoding for risks.htm
2025-09-12 01:37:21,631 - Successfully fixed encoding for Team Lasik.htm
2025-09-12 01:37:21,635 - Successfully fixed encoding for largepupils.htm
2025-09-12 01:37:21,637 - Successfully fixed encoding for Tricia-LASIK-story.htm
2025-09-12 01:37:21,642 - Successfully fixed encoding for LASIK-risks.htm
2025-09-12 01:37:21,644 - Successfully fixed encoding for patient-letter-anonymous.html
2025-09-12 01:37:21,645 - Successfully fixed encoding for patientletter18.htm
2025-09-12 01:37:21,647 - Successfully fixed encoding for patientletter19.htm
2025-09-12 01:37:21,651 - Successfully fixed encoding for lasik-quality-of-life-study-prowl.htm
2025-09-12 01:37:21,653 - Successfully fixed encoding for RegulatoryGuidance.htm
2025-09-12 01:37:21,655 - Successfully fixed encoding for USATODAY_com - LASIK risks understated_files/B1458170.12;sz=468x60;ord=2004.12.20.09.00.htm
2025-09-12 01:37:21,656 - Successfully fixed encoding for USATODAY_com - LASIK risks understated_files/amDataAgent.htm
2025-09-12 01:37:21,659 - Successfully fixed encoding for LasikPetition/petition.html
2025-09-12 01:37:21,660 - Successfully fixed encoding for LasikPetition/genindex.html
2025-09-12 01:37:21,661 - Successfully fixed encoding for LasikPetition/about/how-you-can-help.html
2025-09-12 01:37:21,664 - Successfully fixed encoding for LasikPetition/about/msnbc-interview.html
2025-09-12 01:37:21,667 - Successfully fixed encoding for LasikPetition/about/thank-you.html
2025-09-12 01:37:21,669 - Successfully fixed encoding for LasikPetition/petition/public-warning.html
2025-09-12 01:37:21,671 - Successfully fixed encoding for LasikPetition/petition/action-requested.html
2025-09-12 01:37:21,696 - Successfully fixed encoding for LasikPetition/petition/factual-grounds.html
2025-09-12 01:37:21,698 - Successfully fixed encoding for LasikPetition/petition/certification.html
2025-09-12 01:37:21,699 - Successfully fixed encoding for LasikPetition/petition/economic-impact.html
2025-09-12 01:37:21,701 - Successfully fixed encoding for LasikPetition/petition/environmental-impact.html
2025-09-12 01:37:21,708 - Successfully fixed encoding for LasikPetition/petition/appendix.html
2025-09-12 01:37:21,709 - Successfully fixed encoding for LasikPetition/petition/introductory-letter.html
2025-09-12 01:37:21,711 - Successfully fixed encoding for LasikPetition/petition/introduction.html
2025-09-12 01:37:21,714 - Successfully fixed encoding for Times Online - Britain_files/0,,29131,00.htm
2025-09-12 01:37:21,716 - Successfully fixed encoding for Times Online - Britain_files/0,,29128,00.htm
2025-09-12 01:37:21,717 - Successfully fixed encoding for Times Online - Britain_files/CAAI2VYF.htm
2025-09-12 01:37:21,718 - Successfully fixed encoding for A Pain in the Eye That's Forever  2003-04-23 Part 3_files/adframe.htm
2025-09-12 01:37:21,718 - Successfully fixed encoding for A Pain in the Eye That's Forever  2003-04-23 Part 3_files/PodJavaScript.htm
2025-09-12 01:37:21,722 - Successfully fixed encoding for A Pain in the Eye That's Forever  2003-04-23 Part 3_files/adframe_files/B1467988.htm
2025-09-12 01:37:21,723 - Successfully fixed encoding for A Pain in the Eye That's Forever  2003-04-23 Part 1_files/adframe.htm
2025-09-12 01:37:21,724 - Successfully fixed encoding for A Pain in the Eye That's Forever  2003-04-23 Part 1_files/PodJavaScript.htm
2025-09-12 01:37:21,725 - Successfully fixed encoding for Sight for Sale, Pt_ 1_files/CA6VSTM3.htm
2025-09-12 01:37:21,725 - Successfully fixed encoding for A Pain in the Eye That's Forever  2003-04-23 Part 2_files/adframe.htm
2025-09-12 01:37:21,725 - Successfully fixed encoding for A Pain in the Eye That's Forever  2003-04-23 Part 2_files/PodJavaScript.htm
2025-09-12 01:37:21,726 - Successfully fixed encoding for A Pain in the Eye That's Forever  2003-04-23 Part 2_files/adframe_files/B1467988.htm
