2025-09-12 00:28:49,038 - Successfully translated index.htm
2025-09-12 00:28:57,276 - Successfully translated A Pain in the Eye That's Forever  2003-04-23 Part 1.htm
2025-09-12 00:28:57,924 - Successfully translated A Pain in the Eye That's Forever  2003-04-23 Part 1_files/PodJavaScript.htm
2025-09-12 00:28:58,144 - Successfully translated A Pain in the Eye That's Forever  2003-04-23 Part 1_files/adframe.htm
2025-09-12 00:29:06,015 - Successfully translated A Pain in the Eye That's Forever  2003-04-23 Part 2.htm
2025-09-12 00:29:06,710 - Successfully translated A Pain in the Eye That's Forever  2003-04-23 Part 2_files/PodJavaScript.htm
2025-09-12 00:29:06,965 - Successfully translated A Pain in the Eye That's Forever  2003-04-23 Part 2_files/adframe.htm
2025-09-12 00:29:10,053 - Successfully translated A Pain in the Eye That's Forever  2003-04-23 Part 2_files/adframe_files/B1467988.htm
2025-09-12 00:29:19,151 - Successfully translated A Pain in the Eye That's Forever  2003-04-23 Part 3.htm
2025-09-12 00:29:19,854 - Successfully translated A Pain in the Eye That's Forever  2003-04-23 Part 3_files/PodJavaScript.htm
2025-09-12 00:29:20,071 - Successfully translated A Pain in the Eye That's Forever  2003-04-23 Part 3_files/adframe.htm
2025-09-12 00:29:21,600 - Successfully translated A Pain in the Eye That's Forever  2003-04-23 Part 3_files/adframe_files/B1467988.htm
2025-09-12 00:29:24,628 - Successfully translated ALK-automated-lamellar-keratoplasty.htm
2025-09-12 00:29:28,679 - Successfully translated Alcon.htm
2025-09-12 00:29:36,852 - Successfully translated AlconBrief.htm
2025-09-12 00:29:49,860 - Successfully translated Alcon_Eyeworld_Jan05.htm
2025-09-12 00:29:52,759 - Successfully translated Alcon_product_liability.htm
2025-09-12 00:30:02,587 - Successfully translated Archives.htm
2025-09-12 00:30:06,956 - Successfully translated BilateralLasik.htm
2025-09-12 00:30:12,727 - Successfully translated BrainAdapts.htm
2025-09-12 00:30:18,368 - Successfully translated CBC NewsOne-third of laser eye patients experience night vision problems study.htm
2025-09-12 00:30:22,935 - Successfully translated Colin.htm
2025-09-12 00:30:25,186 - Successfully translated Doreen-Schleifer.htm
2025-09-12 00:30:27,799 - Successfully translated Edward-Boshnick-corneal-collagen-crosslinking-presentation.htm
2025-09-12 00:30:40,385 - Successfully translated Epithelial_ingrowth.html
2025-09-12 00:30:43,616 - Successfully translated Erik-Rupard-MD.htm
2025-09-12 00:31:01,119 - Successfully translated EyeBall_HardBall.htm
2025-09-12 00:31:05,773 - Successfully translated FDA-Lasik-Hearing-Videos.htm
2025-09-12 00:31:11,063 - Successfully translated Federal Trade Commission Stops Allegedly Misleading Representations for Lasik Eye Surgery.htm
2025-09-12 00:31:18,211 - Successfully translated FlapComplications.html
2025-09-12 00:31:39,407 - Successfully translated IntraLase.htm
2025-09-12 00:31:53,252 - Successfully translated LASIK-risks.htm
2025-09-12 00:32:01,155 - Successfully translated LASIK-warning-for-France-in-French.htm
2025-09-12 00:32:08,141 - Successfully translated LASIK-warning-for-Spain-in-Spanish.htm
2025-09-12 00:32:14,714 - Successfully translated LASIK-warning-netherlands-dutch.htm
2025-09-12 00:32:16,721 - Successfully translated LASIK_docket_comment.htm
2025-09-12 00:32:36,420 - Successfully translated LATimes_Health.htm
2025-09-12 00:32:41,329 - Successfully translated LVI.htm
2025-09-12 00:32:44,800 - Successfully translated LasikPetition/about/how-you-can-help.html
2025-09-12 00:32:49,243 - Successfully translated LasikPetition/about/msnbc-interview.html
2025-09-12 00:32:53,704 - Successfully translated LasikPetition/about/thank-you.html
2025-09-12 00:32:55,473 - Successfully translated LasikPetition/genindex.html
2025-09-12 00:33:00,539 - Successfully translated LasikPetition/petition.html
2025-09-12 00:33:03,790 - Successfully translated LasikPetition/petition/action-requested.html
2025-09-12 00:33:28,248 - Successfully translated LasikPetition/petition/appendix.html
2025-09-12 00:33:30,503 - Successfully translated LasikPetition/petition/certification.html
2025-09-12 00:33:32,602 - Successfully translated LasikPetition/petition/economic-impact.html
2025-09-12 00:33:34,896 - Successfully translated LasikPetition/petition/environmental-impact.html
2025-09-12 00:34:47,640 - Successfully translated LasikPetition/petition/factual-grounds.html
2025-09-12 00:34:51,276 - Successfully translated LasikPetition/petition/introduction.html
2025-09-12 00:34:54,069 - Successfully translated LasikPetition/petition/introductory-letter.html
2025-09-12 00:34:58,110 - Successfully translated LasikPetition/petition/public-warning.html
2025-09-12 00:35:03,471 - Successfully translated LasikTube.htm
2025-09-12 00:35:14,867 - Successfully translated LawyersUSA_Oliver.htm
2025-09-12 00:35:33,758 - Successfully translated Letter_to_FDA_requesting_LASIK_public_health_advisory.htm
2025-09-12 00:35:37,648 - Successfully translated Max-Cronin.htm
2025-09-12 00:35:43,115 - Successfully translated Morris-Waxler-corneal-collagen-crosslinking-presentation.htm
2025-09-12 00:36:00,098 - Successfully translated NotableQuotes.htm
2025-09-12 00:36:02,686 - Successfully translated OphthalmologistsUnconcerned.htm
2025-09-12 00:36:16,093 - Successfully translated PRK-complications.htm
2025-09-12 00:36:19,680 - Successfully translated PRK-nightmare.htm
2025-09-12 00:36:55,804 - Successfully translated PatientSatisfaction.html
2025-09-12 00:37:00,165 - Successfully translated RK-no-eraser-at-end-of-scalpel.htm
2025-09-12 00:37:22,912 - Successfully translated RK-radial-keratotomy.html
2025-09-12 00:37:29,270 - Successfully translated RegulatoryGuidance.htm
2025-09-12 00:37:31,973 - Successfully translated Sabrina-Garrison.html
2025-09-12 00:37:34,837 - Successfully translated Salman-Madanat.htm
2025-09-12 00:37:36,950 - Successfully translated Samantha_Lee_LASIK_story.htm
2025-09-12 00:37:47,864 - Successfully translated Scotland on Sunday - Top Stories - Surgeon warns of laser eye cure risks.htm
2025-09-12 00:38:12,839 - Successfully translated Sight for Sale, Pt_ 1.htm
2025-09-12 00:38:23,888 - Successfully translated Sight for Sale, Pt_ 1_files/CA6VSTM3.htm
2025-09-12 00:38:29,480 - Successfully translated StevePost.htm
2025-09-12 00:38:36,361 - Successfully translated Surgeons_Have_Concerns.htm
2025-09-12 00:39:01,217 - Successfully translated Team Lasik.htm
2025-09-12 00:39:11,021 - Successfully translated TenThingsYourDocWontTellYou.html
2025-09-12 00:39:45,684 - Successfully translated Times Online - Britain.htm
2025-09-12 00:39:48,407 - Successfully translated Times Online - Britain_files/0,,29128,00.htm
2025-09-12 00:39:50,073 - Successfully translated Times Online - Britain_files/0,,29131,00.htm
2025-09-12 00:39:52,505 - Successfully translated Times Online - Britain_files/CAAI2VYF.htm
2025-09-12 00:40:07,743 - Successfully translated TopTenReasons.htm
2025-09-12 00:40:12,660 - Successfully translated Tricia-LASIK-story.htm
2025-09-12 00:40:41,089 - Successfully translated USATODAY_com - LASIK risks understated.htm
2025-09-12 00:40:42,254 - Successfully translated USATODAY_com - LASIK risks understated_files/B1458170.12;sz=468x60;ord=2004.12.20.09.00.htm
2025-09-12 00:40:42,478 - Successfully translated USATODAY_com - LASIK risks understated_files/amDataAgent.htm
2025-09-12 00:40:51,856 - Successfully translated adayinthelife.htm
2025-09-12 00:40:54,371 - Successfully translated amazon-deal.htm
2025-09-12 00:41:39,729 - Successfully translated attorneys.htm
2025-09-12 00:41:43,250 - Successfully translated blurryvision.htm
2025-09-12 00:41:51,495 - Successfully translated can-you-go-blind-from-lasik.htm
2025-09-12 00:42:08,196 - Successfully translated case_reports.htm
2025-09-12 00:42:23,517 - Successfully translated celebrities.htm
2025-09-12 00:42:33,406 - Successfully translated centralislands.htm
2025-09-12 00:42:40,129 - Successfully translated cleanroom.htm
2025-09-12 00:42:42,624 - Successfully translated coloratlas.htm
2025-09-12 00:42:48,176 - Successfully translated comanagement.htm
2025-09-12 00:43:01,053 - Successfully translated complainfda.htm
2025-09-12 00:43:05,681 - Successfully translated consumerreports.htm
2025-09-12 00:43:27,246 - Successfully translated corneal-collagen-crosslinking-ccl.htm
2025-09-12 00:43:36,258 - Successfully translated corneal-transplant.htm
2025-09-12 00:44:08,104 - Successfully translated corneal_neuropathy.htm
2025-09-12 00:44:14,046 - Successfully translated custom-wavefront-LASIK-disaster.htm
2025-09-12 00:44:20,737 - Successfully translated dan-d-lasik-story.htm
2025-09-12 00:44:22,669 - Successfully translated darthlaser.htm
2025-09-12 00:44:28,642 - Successfully translated dean-andrew-kantis.htm
2025-09-12 00:44:43,734 - Successfully translated debris.htm
2025-09-12 00:45:01,892 - Successfully translated dlk.htm
2025-09-12 00:45:07,190 - Successfully translated dont_get_lasik_from_MD.htm
2025-09-12 00:45:10,223 - Successfully translated driving.htm
2025-09-12 00:45:51,718 - Successfully translated dryeye.htm
2025-09-12 00:45:55,151 - Successfully translated dryeyepost1.htm
2025-09-12 00:46:24,808 - Successfully translated ectasia-FDA-reports.htm
2025-09-12 00:47:24,701 - Successfully translated ectasia.htm
2025-09-12 00:47:30,985 - Successfully translated fatalfocus.htm
2025-09-12 00:48:12,397 - Successfully translated fda.htm
2025-09-12 00:48:36,783 - Successfully translated fdaalconmeeting.htm
2025-09-12 00:48:49,370 - Successfully translated fdabooklet.htm
2025-09-12 00:49:04,679 - Successfully translated fdatranscripts.htm
2025-09-12 00:50:07,270 - Successfully translated flapdislocation.htm
2025-09-12 00:50:10,841 - Successfully translated ghosting.htm
2025-09-12 00:50:16,408 - Successfully translated greed.htm
2025-09-12 00:50:19,788 - Successfully translated halloween.htm
2025-09-12 00:50:23,743 - Successfully translated halos.htm
2025-09-12 00:50:29,652 - Successfully translated herpes.htm
2025-09-12 00:50:44,053 - Successfully translated hoa.htm
2025-09-12 00:50:49,201 - Successfully translated humor.htm
2025-09-12 00:51:17,675 - Successfully translated implantable-lens-risks-and-complications.htm
2025-09-12 00:52:02,966 - Successfully translated index.html
2025-09-12 00:52:50,691 - Successfully translated inducedcataract.htm
2025-09-12 00:53:26,952 - Successfully translated infection.htm
2025-09-12 00:53:42,911 - Successfully translated interface-fluid.html
2025-09-12 00:54:07,739 - Successfully translated is-lasik-safe.htm
2025-09-12 00:54:18,465 - Successfully translated kenny-perry.htm
2025-09-12 00:54:21,968 - Successfully translated lackofempathy.htm
2025-09-12 00:54:50,117 - Successfully translated largepupils.htm
2025-09-12 00:55:05,197 - Successfully translated lasik-and-tobacco.htm
2025-09-12 00:55:13,328 - Successfully translated lasik-cheaper-than-glasses-contacts-myth.htm
2025-09-12 00:58:27,667 - Successfully translated lasik-complaints.htm
2025-09-12 00:58:29,815 - Successfully translated lasik-following-cataract-surgery.htm
2025-09-12 00:58:48,533 - Successfully translated lasik-prk-refractive-surgery-in-the-military.html
2025-09-12 00:58:53,606 - Successfully translated lasik-quality-of-life-study-prowl.htm
2025-09-12 00:59:13,811 - Successfully translated lawsuits.htm
2025-09-12 00:59:55,571 - Successfully translated letters.htm
2025-09-12 01:00:05,669 - Successfully translated links.htm
2025-09-12 01:00:12,915 - Successfully translated long_term_issues.html
2025-09-12 01:00:16,667 - Successfully translated maculopathy.htm
2025-09-12 01:00:18,410 - Successfully translated mailingtube.htm
2025-09-12 01:00:30,284 - Successfully translated maloney.htm
2025-09-12 01:01:00,337 - Successfully translated marketing.htm
2025-09-12 01:01:04,485 - Successfully translated mythof2020.htm
2025-09-12 01:01:08,004 - Successfully translated neurologist-MedWatch-report.htm
2025-09-12 01:02:50,068 - Successfully translated news.htm
2025-09-12 01:03:05,342 - Successfully translated newsobserver_com.htm
2025-09-12 01:03:23,417 - Successfully translated nightvision.htm
2025-09-12 01:03:25,260 - Successfully translated noexperience.htm
2025-09-12 01:03:28,894 - Successfully translated opaqcor.htm
2025-09-12 01:03:44,286 - Successfully translated opticnerveneuropathy.htm
2025-09-12 01:03:47,556 - Successfully translated patient-letter-anonymous.html
2025-09-12 01:03:49,974 - Successfully translated patient-letter-christy-b.htm
2025-09-12 01:03:52,016 - Successfully translated patient-letter-sam.htm
2025-09-12 01:03:54,473 - Successfully translated patient-letter-stacy-l.htm
2025-09-12 01:03:57,040 - Successfully translated patient-plea-for-help.htm
2025-09-12 01:04:02,820 - Successfully translated patientletter1.htm
2025-09-12 01:04:05,528 - Successfully translated patientletter10.htm
2025-09-12 01:04:10,135 - Successfully translated patientletter11.htm
2025-09-12 01:04:23,754 - Successfully translated patientletter12.htm
2025-09-12 01:04:26,869 - Successfully translated patientletter13.htm
2025-09-12 01:04:33,932 - Successfully translated patientletter14.htm
2025-09-12 01:04:40,215 - Successfully translated patientletter15.htm
2025-09-12 01:04:45,109 - Successfully translated patientletter16.htm
2025-09-12 01:04:49,075 - Successfully translated patientletter17.htm
2025-09-12 01:04:52,548 - Successfully translated patientletter18.htm
2025-09-12 01:04:55,765 - Successfully translated patientletter19.htm
2025-09-12 01:05:00,275 - Successfully translated patientletter2.htm
2025-09-12 01:05:02,893 - Successfully translated patientletter20.htm
2025-09-12 01:05:06,471 - Successfully translated patientletter21.htm
2025-09-12 01:05:11,091 - Successfully translated patientletter22.htm
2025-09-12 01:05:14,606 - Successfully translated patientletter23.htm
2025-09-12 01:05:17,963 - Successfully translated patientletter24.html
2025-09-12 01:05:20,946 - Successfully translated patientletter3.htm
2025-09-12 01:05:26,348 - Successfully translated patientletter4.htm
2025-09-12 01:05:31,950 - Successfully translated patientletter5.htm
2025-09-12 01:05:39,600 - Successfully translated patientletter6.htm
2025-09-12 01:05:43,458 - Successfully translated patientletter7.htm
2025-09-12 01:05:46,373 - Successfully translated patientletter8.htm
2025-09-12 01:05:50,851 - Successfully translated patientletter9.htm
2025-09-12 01:05:55,439 - Successfully translated post-lasik-floaters-letter.html
2025-09-12 01:06:20,226 - Successfully translated pupil-size-and-lasik.htm
2025-09-12 01:06:22,689 - Successfully translated reading.htm
2025-09-12 01:06:31,281 - Successfully translated regression.htm
2025-09-12 01:06:52,657 - Successfully translated relex-smile.htm
2025-09-12 01:07:08,398 - Successfully translated risks.htm
2025-09-12 01:07:11,176 - Successfully translated saved-from-lasik.htm
2025-09-12 01:07:17,740 - Successfully translated seminar.htm
2025-09-12 01:07:21,598 - Successfully translated simulations.htm
2025-09-12 01:07:25,565 - Successfully translated starbursting.htm
2025-09-12 01:07:43,892 - Successfully translated studies.htm
2025-09-12 01:07:47,551 - Successfully translated suicidalpatient.htm
2025-09-12 01:08:42,495 - Successfully translated suicide.htm
2025-09-12 01:08:50,035 - Successfully translated supervision.htm
2025-09-12 01:08:52,433 - Successfully translated the-big-short.htm
2025-09-12 01:09:14,403 - Successfully translated tiger-woods.htm
2025-09-12 01:09:16,246 - Successfully translated visionsimulations.html
2025-09-12 01:09:26,851 - Successfully translated visualase-bolton-laser-eye-surgery-complications.htm
2025-09-12 01:10:01,663 - Successfully translated vitreoretinal_damage.htm
2025-09-12 01:33:25,649 - Successfully translated index.htm
2025-09-12 01:33:51,888 - Successfully translated A Pain in the Eye That's Forever  2003-04-23 Part 1.htm
2025-09-12 01:33:53,087 - Successfully translated A Pain in the Eye That's Forever  2003-04-23 Part 1_files/PodJavaScript.htm
2025-09-12 01:33:53,441 - Successfully translated A Pain in the Eye That's Forever  2003-04-23 Part 1_files/adframe.htm
2025-09-12 01:34:15,454 - Successfully translated A Pain in the Eye That's Forever  2003-04-23 Part 2.htm
2025-09-12 01:34:16,236 - Successfully translated A Pain in the Eye That's Forever  2003-04-23 Part 2_files/PodJavaScript.htm
2025-09-12 01:34:17,132 - Successfully translated A Pain in the Eye That's Forever  2003-04-23 Part 2_files/adframe.htm
2025-09-12 01:34:20,715 - Successfully translated A Pain in the Eye That's Forever  2003-04-23 Part 2_files/adframe_files/B1467988.htm
2025-09-12 01:34:43,210 - Successfully translated A Pain in the Eye That's Forever  2003-04-23 Part 3.htm
2025-09-12 01:34:44,236 - Successfully translated A Pain in the Eye That's Forever  2003-04-23 Part 3_files/PodJavaScript.htm
2025-09-12 01:34:44,765 - Successfully translated A Pain in the Eye That's Forever  2003-04-23 Part 3_files/adframe.htm
2025-09-12 01:34:47,025 - Successfully translated A Pain in the Eye That's Forever  2003-04-23 Part 3_files/adframe_files/B1467988.htm
2025-09-12 01:34:52,660 - Successfully translated ALK-automated-lamellar-keratoplasty.htm
2025-09-12 01:35:02,817 - Successfully translated Alcon.htm
2025-09-12 01:35:20,981 - Successfully translated AlconBrief.htm
2025-09-12 01:35:49,779 - Successfully translated Alcon_Eyeworld_Jan05.htm
2025-09-12 01:35:55,887 - Successfully translated Alcon_product_liability.htm
2025-09-12 01:36:20,482 - Successfully translated Archives.htm
2025-09-12 01:36:34,018 - Successfully translated BilateralLasik.htm
2025-09-12 01:42:09,423 - Successfully translated index.htm
2025-09-12 01:42:33,585 - Successfully translated A Pain in the Eye That's Forever  2003-04-23 Part 1.htm
2025-09-12 01:42:34,814 - Successfully translated A Pain in the Eye That's Forever  2003-04-23 Part 1_files/PodJavaScript.htm
2025-09-12 01:42:35,124 - Successfully translated A Pain in the Eye That's Forever  2003-04-23 Part 1_files/adframe.htm
2025-09-12 01:43:04,986 - Successfully translated A Pain in the Eye That's Forever  2003-04-23 Part 2.htm
2025-09-12 01:43:05,755 - Successfully translated A Pain in the Eye That's Forever  2003-04-23 Part 2_files/PodJavaScript.htm
2025-09-12 01:43:06,855 - Successfully translated A Pain in the Eye That's Forever  2003-04-23 Part 2_files/adframe.htm
2025-09-12 01:43:11,072 - Successfully translated A Pain in the Eye That's Forever  2003-04-23 Part 2_files/adframe_files/B1467988.htm
2025-09-12 01:43:34,885 - Successfully translated A Pain in the Eye That's Forever  2003-04-23 Part 3.htm
2025-09-12 01:43:36,067 - Successfully translated A Pain in the Eye That's Forever  2003-04-23 Part 3_files/PodJavaScript.htm
2025-09-12 01:43:36,691 - Successfully translated A Pain in the Eye That's Forever  2003-04-23 Part 3_files/adframe.htm
2025-09-12 01:43:40,118 - Successfully translated A Pain in the Eye That's Forever  2003-04-23 Part 3_files/adframe_files/B1467988.htm
2025-09-12 01:43:47,304 - Successfully translated ALK-automated-lamellar-keratoplasty.htm
2025-09-12 01:43:58,575 - Successfully translated Alcon.htm
2025-09-12 01:44:20,732 - Successfully translated AlconBrief.htm
2025-09-12 01:44:49,240 - Successfully translated Alcon_Eyeworld_Jan05.htm
2025-09-12 01:44:54,430 - Successfully translated Alcon_product_liability.htm
2025-09-12 01:45:13,472 - Successfully translated Archives.htm
2025-09-12 01:45:23,854 - Successfully translated BilateralLasik.htm
2025-09-12 01:46:45,513 - Successfully translated index.htm
2025-09-12 01:46:52,946 - Successfully translated A Pain in the Eye That's Forever  2003-04-23 Part 1.htm
2025-09-12 01:46:53,571 - Successfully translated A Pain in the Eye That's Forever  2003-04-23 Part 1_files/PodJavaScript.htm
2025-09-12 01:46:53,839 - Successfully translated A Pain in the Eye That's Forever  2003-04-23 Part 1_files/adframe.htm
2025-09-12 01:47:00,569 - Successfully translated A Pain in the Eye That's Forever  2003-04-23 Part 2.htm
2025-09-12 01:47:01,234 - Successfully translated A Pain in the Eye That's Forever  2003-04-23 Part 2_files/PodJavaScript.htm
2025-09-12 01:47:01,448 - Successfully translated A Pain in the Eye That's Forever  2003-04-23 Part 2_files/adframe.htm
2025-09-12 01:47:02,974 - Successfully translated A Pain in the Eye That's Forever  2003-04-23 Part 2_files/adframe_files/B1467988.htm
2025-09-12 01:47:11,181 - Successfully translated A Pain in the Eye That's Forever  2003-04-23 Part 3.htm
2025-09-12 01:47:12,134 - Successfully translated A Pain in the Eye That's Forever  2003-04-23 Part 3_files/PodJavaScript.htm
2025-09-12 01:47:12,433 - Successfully translated A Pain in the Eye That's Forever  2003-04-23 Part 3_files/adframe.htm
2025-09-12 01:47:13,954 - Successfully translated A Pain in the Eye That's Forever  2003-04-23 Part 3_files/adframe_files/B1467988.htm
2025-09-12 01:47:17,754 - Successfully translated ALK-automated-lamellar-keratoplasty.htm
2025-09-12 01:47:23,208 - Successfully translated Alcon.htm
2025-09-12 01:47:31,211 - Successfully translated AlconBrief.htm
2025-09-12 01:47:42,844 - Successfully translated Alcon_Eyeworld_Jan05.htm
2025-09-12 01:47:46,928 - Successfully translated Alcon_product_liability.htm
2025-09-12 01:48:00,803 - Successfully translated Archives.htm
2025-09-12 01:48:07,189 - Successfully translated BilateralLasik.htm
